#-----------------------------------------------------------
# Vivado v2020.1 (64-bit)
# SW Build 2902540 on Wed May 27 19:54:49 MDT 2020
# IP Build 2902112 on Wed May 27 22:43:36 MDT 2020
# Start of session at: Wed Mar 16 09:28:47 2022
# Process ID: 1788
# Current directory: D:/Documents/xbohuc00/digital-electronics-1/labs/05-ffs/flip_flops
# Command line: vivado.exe -gui_launcher_event rodinguilauncherevent5852 D:\Documents\xbohuc00\digital-electronics-1\labs\05-ffs\flip_flops\flip_flops.xpr
# Log file: D:/Documents/xbohuc00/digital-electronics-1/labs/05-ffs/flip_flops/vivado.log
# Journal file: D:/Documents/xbohuc00/digital-electronics-1/labs/05-ffs/flip_flops\vivado.jou
#-----------------------------------------------------------
start_gui
open_project D:/Documents/xbohuc00/digital-electronics-1/labs/05-ffs/flip_flops/flip_flops.xpr
update_compile_order -fileset sources_1
close [ open D:/Documents/xbohuc00/digital-electronics-1/labs/05-ffs/flip_flops/flip_flops.srcs/sources_1/new/t_ff_rst.vhd w ]
add_files D:/Documents/xbohuc00/digital-electronics-1/labs/05-ffs/flip_flops/flip_flops.srcs/sources_1/new/t_ff_rst.vhd
update_compile_order -fileset sources_1
close [ open D:/Documents/xbohuc00/digital-electronics-1/labs/05-ffs/flip_flops/flip_flops.srcs/sources_1/new/top.vhd w ]
add_files D:/Documents/xbohuc00/digital-electronics-1/labs/05-ffs/flip_flops/flip_flops.srcs/sources_1/new/top.vhd
update_compile_order -fileset sources_1
launch_simulation
source tb_ff_rst.tcl
update_compile_order -fileset sources_1
close_sim
launch_simulation
source tb_ff_rst.tcl
close_sim
launch_simulation
source tb_ff_rst.tcl
close_sim
launch_simulation
source tb_ff_rst.tcl
synth_design -rtl -name rtl_1
close_sim
